
[1m[46m RUN [49m[22m [36mv3.2.4 [39m[90mC:/Projects/vpc-music/apps/web[39m

 [32mΓ£ô[39m src/test/keyboard-shortcuts.test.ts [2m([22m[2m19 tests[22m[2m)[22m[32m 59[2mms[22m[39m
 [32mΓ£ô[39m src/test/theme-context.test.tsx [2m([22m[2m8 tests[22m[2m)[22m[32m 69[2mms[22m[39m
 [32mΓ£ô[39m src/test/not-found-page.test.tsx [2m([22m[2m6 tests[22m[2m)[22m[32m 72[2mms[22m[39m
node.exe : [90mstderr[2m | src/test/tag-input.test.tsx[2m > [22m[2mTagInput[2m > 
[22m[2mrendering[2m > [22m[2mrenders the tag input container
At line:1 char:1
+ & "C:\Program Files\nodejs/node.exe" "C:\Program Files\nodejs/node_mo ...
+ ~~~~~~~~~~~~~~~~~~~~~~~~~~~~~~~~~~~~~~~~~~~~~~~~~~~~~~~~~~~~~~~~~~~~~
    + CategoryInfo          : NotSpecified: ([90mstderr[2m...input container:String) [], R 
   emoteException
    + FullyQualifiedErrorId : NativeCommandError
 
[22m[39mAn update to TagInput inside a test was not wrapped in act(...).

When testing, code that causes React state updates should be wrapped into act(...):

act(() => {
  /* fire events that update state */
});
/* assert on the output */

This ensures that you're testing the behavior the user would see in the browser. Learn more 
at https://react.dev/link/wrap-tests-with-act

[90mstderr[2m | src/test/tag-input.test.tsx[2m > [22m[2mTagInput[2m > 
[22m[2mrendering[2m > [22m[2mrenders the text input
[22m[39mAn update to TagInput inside a test was not wrapped in act(...).

When testing, code that causes React state updates should be wrapped into act(...):

act(() => {
  /* fire events that update state */
});
/* assert on the output */

This ensures that you're testing the behavior the user would see in the browser. Learn more 
at https://react.dev/link/wrap-tests-with-act

[90mstderr[2m | src/test/tag-input.test.tsx[2m > [22m[2mTagInput[2m > 
[22m[2mrendering[2m > [22m[2mrenders the dropdown toggle
[22m[39mAn update to TagInput inside a test was not wrapped in act(...).

When testing, code that causes React state updates should be wrapped into act(...):

act(() => {
  /* fire events that update state */
});
/* assert on the output */

This ensures that you're testing the behavior the user would see in the browser. Learn more 
at https://react.dev/link/wrap-tests-with-act

[90mstderr[2m | src/test/tag-input.test.tsx[2m > [22m[2mTagInput[2m > 
[22m[2mrendering[2m > [22m[2mrenders the label
[22m[39mAn update to TagInput inside a test was not wrapped in act(...).

When testing, code that causes React state updates should be wrapped into act(...):

act(() => {
  /* fire events that update state */
});
/* assert on the output */

This ensures that you're testing the behavior the user would see in the browser. Learn more 
at https://react.dev/link/wrap-tests-with-act

[90mstderr[2m | src/test/tag-input.test.tsx[2m > [22m[2mTagInput[2m > 
[22m[2mrendering[2m > [22m[2mrenders the hint text
[22m[39mAn update to TagInput inside a test was not wrapped in act(...).

When testing, code that causes React state updates should be wrapped into act(...):

act(() => {
  /* fire events that update state */
});
/* assert on the output */

This ensures that you're testing the behavior the user would see in the browser. Learn more 
at https://react.dev/link/wrap-tests-with-act

[90mstderr[2m | src/test/share-manage-dialog.test.tsx[2m > [22m[2mShareManageDialog[2m 
> [22m[2mrendering[2m > [22m[2mrenders dialog when open
[22m[39mAn update to ShareManageDialog inside a test was not wrapped in act(...).

When testing, code that causes React state updates should be wrapped into act(...):

act(() => {
  /* fire events that update state */
});
/* assert on the output */

This ensures that you're testing the behavior the user would see in the browser. Learn more 
at https://react.dev/link/wrap-tests-with-act
An update to ShareManageDialog inside a test was not wrapped in act(...).

When testing, code that causes React state updates should be wrapped into act(...):

act(() => {
  /* fire events that update state */
});
/* assert on the output */

This ensures that you're testing the behavior the user would see in the browser. Learn more 
at https://react.dev/link/wrap-tests-with-act

 [32mΓ£ô[39m src/test/protected-route.test.tsx [2m([22m[2m7 tests[22m[2m)[22m[32m 61[2mms[22m[39m
[90mstderr[2m | src/test/tag-input.test.tsx[2m > [22m[2mTagInput[2m > 
[22m[2mrendering[2m > [22m[2mshows placeholder when no tags selected
[22m[39mAn update to TagInput inside a test was not wrapped in act(...).

When testing, code that causes React state updates should be wrapped into act(...):

act(() => {
  /* fire events that update state */
});
/* assert on the output */

This ensures that you're testing the behavior the user would see in the browser. Learn more 
at https://react.dev/link/wrap-tests-with-act

[90mstderr[2m | src/test/tag-input.test.tsx[2m > [22m[2mTagInput[2m > 
[22m[2mrendering[2m > [22m[2mhides placeholder when tags exist
[22m[39mAn update to TagInput inside a test was not wrapped in act(...).

When testing, code that causes React state updates should be wrapped into act(...):

act(() => {
  /* fire events that update state */
});
/* assert on the output */

This ensures that you're testing the behavior the user would see in the browser. Learn more 
at https://react.dev/link/wrap-tests-with-act

[90mstderr[2m | src/test/dashboard-page.test.tsx[2m > [22m[2mDashboardPage[2m > 
[22m[2mpositive[2m > [22m[2mshows personalized greeting
[22m[39mAn update to DashboardPage inside a test was not wrapped in act(...).

When testing, code that causes React state updates should be wrapped into act(...):

act(() => {
  /* fire events that update state */
});
/* assert on the output */

This ensures that you're testing the behavior the user would see in the browser. Learn more 
at https://react.dev/link/wrap-tests-with-act
An update to DashboardPage inside a test was not wrapped in act(...).

When testing, code that causes React state updates should be wrapped into act(...):

act(() => {
  /* fire events that update state */
});
/* assert on the output */

This ensures that you're testing the behavior the user would see in the browser. Learn more 
at https://react.dev/link/wrap-tests-with-act
An update to DashboardPage inside a test was not wrapped in act(...).

When testing, code that causes React state updates should be wrapped into act(...):

act(() => {
  /* fire events that update state */
});
/* assert on the output */

This ensures that you're testing the behavior the user would see in the browser. Learn more 
at https://react.dev/link/wrap-tests-with-act
An update to DashboardPage inside a test was not wrapped in act(...).

When testing, code that causes React state updates should be wrapped into act(...):

act(() => {
  /* fire events that update state */
});
/* assert on the output */

This ensures that you're testing the behavior the user would see in the browser. Learn more 
at https://react.dev/link/wrap-tests-with-act

[90mstderr[2m | src/test/tag-input.test.tsx[2m > [22m[2mTagInput[2m > [22m[2mtag 
pills[2m > [22m[2mrenders pills for existing tags
[22m[39mAn update to TagInput inside a test was not wrapped in act(...).

When testing, code that causes React state updates should be wrapped into act(...):

act(() => {
  /* fire events that update state */
});
/* assert on the output */

This ensures that you're testing the behavior the user would see in the browser. Learn more 
at https://react.dev/link/wrap-tests-with-act

[90mstderr[2m | src/test/share-manage-dialog.test.tsx[2m > [22m[2mShareManageDialog[2m 
> [22m[2mrendering[2m > [22m[2mrenders create-new-link section
[22m[39mAn update to ShareManageDialog inside a test was not wrapped in act(...).

When testing, code that causes React state updates should be wrapped into act(...):

act(() => {
  /* fire events that update state */
});
/* assert on the output */

This ensures that you're testing the behavior the user would see in the browser. Learn more 
at https://react.dev/link/wrap-tests-with-act
An update to ShareManageDialog inside a test was not wrapped in act(...).

When testing, code that causes React state updates should be wrapped into act(...):

act(() => {
  /* fire events that update state */
});
/* assert on the output */

This ensures that you're testing the behavior the user would see in the browser. Learn more 
at https://react.dev/link/wrap-tests-with-act

[90mstderr[2m | src/test/tag-input.test.tsx[2m > [22m[2mTagInput[2m > [22m[2mtag 
pills[2m > [22m[2mrenders remove button for each pill
[22m[39mAn update to TagInput inside a test was not wrapped in act(...).

When testing, code that causes React state updates should be wrapped into act(...):

act(() => {
  /* fire events that update state */
});
/* assert on the output */

This ensures that you're testing the behavior the user would see in the browser. Learn more 
at https://react.dev/link/wrap-tests-with-act

[90mstderr[2m | src/test/dashboard-page.test.tsx[2m > [22m[2mDashboardPage[2m > 
[22m[2mpositive[2m > [22m[2mshows overview description
[22m[39mAn update to DashboardPage inside a test was not wrapped in act(...).

When testing, code that causes React state updates should be wrapped into act(...):

act(() => {
  /* fire events that update state */
});
/* assert on the output */

This ensures that you're testing the behavior the user would see in the browser. Learn more 
at https://react.dev/link/wrap-tests-with-act
An update to DashboardPage inside a test was not wrapped in act(...).

When testing, code that causes React state updates should be wrapped into act(...):

act(() => {
  /* fire events that update state */
});
/* assert on the output */

This ensures that you're testing the behavior the user would see in the browser. Learn more 
at https://react.dev/link/wrap-tests-with-act
An update to DashboardPage inside a test was not wrapped in act(...).

When testing, code that causes React state updates should be wrapped into act(...):

act(() => {
  /* fire events that update state */
});
/* assert on the output */

This ensures that you're testing the behavior the user would see in the browser. Learn more 
at https://react.dev/link/wrap-tests-with-act
An update to DashboardPage inside a test was not wrapped in act(...).

When testing, code that causes React state updates should be wrapped into act(...):

act(() => {
  /* fire events that update state */
});
/* assert on the output */

This ensures that you're testing the behavior the user would see in the browser. Learn more 
at https://react.dev/link/wrap-tests-with-act

[90mstderr[2m | src/test/share-manage-dialog.test.tsx[2m > [22m[2mShareManageDialog[2m 
> [22m[2mrendering[2m > [22m[2mrenders expiry dropdown options
[22m[39mAn update to ShareManageDialog inside a test was not wrapped in act(...).

When testing, code that causes React state updates should be wrapped into act(...):

act(() => {
  /* fire events that update state */
});
/* assert on the output */

This ensures that you're testing the behavior the user would see in the browser. Learn more 
at https://react.dev/link/wrap-tests-with-act
An update to ShareManageDialog inside a test was not wrapped in act(...).

When testing, code that causes React state updates should be wrapped into act(...):

act(() => {
  /* fire events that update state */
});
/* assert on the output */

This ensures that you're testing the behavior the user would see in the browser. Learn more 
at https://react.dev/link/wrap-tests-with-act

[90mstderr[2m | src/test/share-manage-dialog.test.tsx[2m > [22m[2mShareManageDialog[2m 
> [22m[2mrendering[2m > [22m[2mrenders Done button in footer
[22m[39mAn update to ShareManageDialog inside a test was not wrapped in act(...).

When testing, code that causes React state updates should be wrapped into act(...):

act(() => {
  /* fire events that update state */
});
/* assert on the output */

This ensures that you're testing the behavior the user would see in the browser. Learn more 
at https://react.dev/link/wrap-tests-with-act
An update to ShareManageDialog inside a test was not wrapped in act(...).

When testing, code that causes React state updates should be wrapped into act(...):

act(() => {
  /* fire events that update state */
});
/* assert on the output */

This ensures that you're testing the behavior the user would see in the browser. Learn more 
at https://react.dev/link/wrap-tests-with-act

[90mstderr[2m | src/test/setlists-page.test.tsx[2m > [22m[2mSetlistsPage[2m > 
[22m[2mpositive[2m > [22m[2mrenders heading
[22m[39mAn update to SetlistsPage inside a test was not wrapped in act(...).

When testing, code that causes React state updates should be wrapped into act(...):

act(() => {
  /* fire events that update state */
});
/* assert on the output */

This ensures that you're testing the behavior the user would see in the browser. Learn more 
at https://react.dev/link/wrap-tests-with-act

[90mstderr[2m | src/test/setlists-page.test.tsx[2m > [22m[2mSetlistsPage[2m > 
[22m[2mpositive[2m > [22m[2mrenders heading
[22m[39mAn update to SetlistsPage inside a test was not wrapped in act(...).

When testing, code that causes React state updates should be wrapped into act(...):

act(() => {
  /* fire events that update state */
});
/* assert on the output */

This ensures that you're testing the behavior the user would see in the browser. Learn more 
at https://react.dev/link/wrap-tests-with-act

[90mstderr[2m | src/test/dashboard-page.test.tsx[2m > [22m[2mDashboardPage[2m > 
[22m[2mpositive[2m > [22m[2mrenders quick action links
[22m[39mAn update to DashboardPage inside a test was not wrapped in act(...).

When testing, code that causes React state updates should be wrapped into act(...):

act(() => {
  /* fire events that update state */
});
/* assert on the output */

This ensures that you're testing the behavior the user would see in the browser. Learn more 
at https://react.dev/link/wrap-tests-with-act
An update to DashboardPage inside a test was not wrapped in act(...).

When testing, code that causes React state updates should be wrapped into act(...):

act(() => {
  /* fire events that update state */
});
/* assert on the output */

This ensures that you're testing the behavior the user would see in the browser. Learn more 
at https://react.dev/link/wrap-tests-with-act
An update to DashboardPage inside a test was not wrapped in act(...).

When testing, code that causes React state updates should be wrapped into act(...):

act(() => {
  /* fire events that update state */
});
/* assert on the output */

This ensures that you're testing the behavior the user would see in the browser. Learn more 
at https://react.dev/link/wrap-tests-with-act
An update to DashboardPage inside a test was not wrapped in act(...).

When testing, code that causes React state updates should be wrapped into act(...):

act(() => {
  /* fire events that update state */
});
/* assert on the output */

This ensures that you're testing the behavior the user would see in the browser. Learn more 
at https://react.dev/link/wrap-tests-with-act

[90mstderr[2m | src/test/setlists-page.test.tsx[2m > [22m[2mSetlistsPage[2m > 
[22m[2mpositive[2m > [22m[2mrenders New Setlist button
[22m[39mAn update to SetlistsPage inside a test was not wrapped in act(...).

When testing, code that causes React state updates should be wrapped into act(...):

act(() => {
  /* fire events that update state */
});
/* assert on the output */

This ensures that you're testing the behavior the user would see in the browser. Learn more 
at https://react.dev/link/wrap-tests-with-act

[90mstderr[2m | src/test/setlists-page.test.tsx[2m > [22m[2mSetlistsPage[2m > 
[22m[2mpositive[2m > [22m[2mrenders New Setlist button
[22m[39mAn update to SetlistsPage inside a test was not wrapped in act(...).

When testing, code that causes React state updates should be wrapped into act(...):

act(() => {
  /* fire events that update state */
});
/* assert on the output */

This ensures that you're testing the behavior the user would see in the browser. Learn more 
at https://react.dev/link/wrap-tests-with-act

[90mstderr[2m | src/test/song-edit-page.test.tsx[2m > [22m[2mSongEditPage[2m > 
[22m[2mpositive ΓÇö create new song[2m > [22m[2mrenders New Song heading
[22m[39mAn update to TagInput inside a test was not wrapped in act(...).

When testing, code that causes React state updates should be wrapped into act(...):

act(() => {
  /* fire events that update state */
});
/* assert on the output */

This ensures that you're testing the behavior the user would see in the browser. Learn more 
at https://react.dev/link/wrap-tests-with-act

 [32mΓ£ô[39m src/test/chordpro-renderer.test.tsx [2m([22m[2m31 tests[22m[2m)[22m[32m 276[2mms[22m[39m
[90mstderr[2m | src/test/song-edit-page.test.tsx[2m > [22m[2mSongEditPage[2m > 
[22m[2mpositive ΓÇö create new song[2m > [22m[2mrenders all form fields
[22m[39mAn update to TagInput inside a test was not wrapped in act(...).

When testing, code that causes React state updates should be wrapped into act(...):

act(() => {
  /* fire events that update state */
});
/* assert on the output */

This ensures that you're testing the behavior the user would see in the browser. Learn more 
at https://react.dev/link/wrap-tests-with-act

[90mstderr[2m | src/test/dashboard-page.test.tsx[2m > [22m[2mDashboardPage[2m > 
[22m[2mpositive[2m > [22m[2mrenders 'View all' links for songs and setlists
[22m[39mAn update to DashboardPage inside a test was not wrapped in act(...).

When testing, code that causes React state updates should be wrapped into act(...):

act(() => {
  /* fire events that update state */
});
/* assert on the output */

This ensures that you're testing the behavior the user would see in the browser. Learn more 
at https://react.dev/link/wrap-tests-with-act
An update to DashboardPage inside a test was not wrapped in act(...).

When testing, code that causes React state updates should be wrapped into act(...):

act(() => {
  /* fire events that update state */
});
/* assert on the output */

This ensures that you're testing the behavior the user would see in the browser. Learn more 
at https://react.dev/link/wrap-tests-with-act
An update to DashboardPage inside a test was not wrapped in act(...).

When testing, code that causes React state updates should be wrapped into act(...):

act(() => {
  /* fire events that update state */
});
/* assert on the output */

This ensures that you're testing the behavior the user would see in the browser. Learn more 
at https://react.dev/link/wrap-tests-with-act
An update to DashboardPage inside a test was not wrapped in act(...).

When testing, code that causes React state updates should be wrapped into act(...):

act(() => {
  /* fire events that update state */
});
/* assert on the output */

This ensures that you're testing the behavior the user would see in the browser. Learn more 
at https://react.dev/link/wrap-tests-with-act

[90mstderr[2m | src/test/admin-page.test.tsx[2m > [22m[2mAdminPage[2m > 
[22m[2mrendering[2m > [22m[2mrenders the page header
[22m[39mAn update to AdminPage inside a test was not wrapped in act(...).

When testing, code that causes React state updates should be wrapped into act(...):

act(() => {
  /* fire events that update state */
});
/* assert on the output */

This ensures that you're testing the behavior the user would see in the browser. Learn more 
at https://react.dev/link/wrap-tests-with-act
An update to AdminPage inside a test was not wrapped in act(...).

When testing, code that causes React state updates should be wrapped into act(...):

act(() => {
  /* fire events that update state */
});
/* assert on the output */

This ensures that you're testing the behavior the user would see in the browser. Learn more 
at https://react.dev/link/wrap-tests-with-act

[90mstderr[2m | src/test/settings-page.test.tsx[2m > [22m[2mSettingsPage[2m > 
[22m[2mpositive[2m > [22m[2mrenders settings heading
[22m[39mAn update to SettingsPage inside a test was not wrapped in act(...).

When testing, code that causes React state updates should be wrapped into act(...):

act(() => {
  /* fire events that update state */
});
/* assert on the output */

This ensures that you're testing the behavior the user would see in the browser. Learn more 
at https://react.dev/link/wrap-tests-with-act

[90mstderr[2m | src/test/settings-page.test.tsx[2m > [22m[2mSettingsPage[2m > 
[22m[2mpositive[2m > [22m[2mrenders settings heading
[22m[39mAn update to SettingsPage inside a test was not wrapped in act(...).

When testing, code that causes React state updates should be wrapped into act(...):

act(() => {
  /* fire events that update state */
});
/* assert on the output */

This ensures that you're testing the behavior the user would see in the browser. Learn more 
at https://react.dev/link/wrap-tests-with-act

[90mstderr[2m | src/test/admin-page.test.tsx[2m > [22m[2mAdminPage[2m > 
[22m[2mrendering[2m > [22m[2mshows org name in subheading
[22m[39mAn update to AdminPage inside a test was not wrapped in act(...).

When testing, code that causes React state updates should be wrapped into act(...):

act(() => {
  /* fire events that update state */
});
/* assert on the output */

This ensures that you're testing the behavior the user would see in the browser. Learn more 
at https://react.dev/link/wrap-tests-with-act
An update to AdminPage inside a test was not wrapped in act(...).

When testing, code that causes React state updates should be wrapped into act(...):

act(() => {
  /* fire events that update state */
});
/* assert on the output */

This ensures that you're testing the behavior the user would see in the browser. Learn more 
at https://react.dev/link/wrap-tests-with-act

[90mstderr[2m | src/test/admin-page.test.tsx[2m > [22m[2mAdminPage[2m > 
[22m[2mrendering[2m > [22m[2mrenders invite section
[22m[39mAn update to AdminPage inside a test was not wrapped in act(...).

When testing, code that causes React state updates should be wrapped into act(...):

act(() => {
  /* fire events that update state */
});
/* assert on the output */

This ensures that you're testing the behavior the user would see in the browser. Learn more 
at https://react.dev/link/wrap-tests-with-act
An update to AdminPage inside a test was not wrapped in act(...).

When testing, code that causes React state updates should be wrapped into act(...):

act(() => {
  /* fire events that update state */
});
/* assert on the output */

This ensures that you're testing the behavior the user would see in the browser. Learn more 
at https://react.dev/link/wrap-tests-with-act

[90mstderr[2m | src/test/song-edit-page.test.tsx[2m > [22m[2mSongEditPage[2m > 
[22m[2mpositive ΓÇö create new song[2m > [22m[2mrenders Create Song button
[22m[39mAn update to TagInput inside a test was not wrapped in act(...).

When testing, code that causes React state updates should be wrapped into act(...):

act(() => {
  /* fire events that update state */
});
/* assert on the output */

This ensures that you're testing the behavior the user would see in the browser. Learn more 
at https://react.dev/link/wrap-tests-with-act

 [32mΓ£ô[39m src/test/auth-context.test.tsx [2m([22m[2m17 tests[22m[2m)[22m[33m 485[2mms[22m[39m
[90mstderr[2m | src/test/song-edit-page.test.tsx[2m > [22m[2mSongEditPage[2m > 
[22m[2mpositive ΓÇö create new song[2m > [22m[2mhas cancel link back to songs
[22m[39mAn update to TagInput inside a test was not wrapped in act(...).

When testing, code that causes React state updates should be wrapped into act(...):

act(() => {
  /* fire events that update state */
});
/* assert on the output */

This ensures that you're testing the behavior the user would see in the browser. Learn more 
at https://react.dev/link/wrap-tests-with-act

[90mstderr[2m | src/test/settings-page.test.tsx[2m > [22m[2mSettingsPage[2m > 
[22m[2mpositive[2m > [22m[2mrenders Appearance section with theme buttons
[22m[39mAn update to SettingsPage inside a test was not wrapped in act(...).

When testing, code that causes React state updates should be wrapped into act(...):

act(() => {
  /* fire events that update state */
});
/* assert on the output */

This ensures that you're testing the behavior the user would see in the browser. Learn more 
at https://react.dev/link/wrap-tests-with-act

[90mstderr[2m | src/test/settings-page.test.tsx[2m > [22m[2mSettingsPage[2m > 
[22m[2mpositive[2m > [22m[2mrenders Appearance section with theme buttons
[22m[39mAn update to SettingsPage inside a test was not wrapped in act(...).

When testing, code that causes React state updates should be wrapped into act(...):

act(() => {
  /* fire events that update state */
});
/* assert on the output */

This ensures that you're testing the behavior the user would see in the browser. Learn more 
at https://react.dev/link/wrap-tests-with-act

[90mstderr[2m | src/test/admin-page.test.tsx[2m > [22m[2mAdminPage[2m > 
[22m[2mrendering[2m > [22m[2mrenders role selector in invite form
[22m[39mAn update to AdminPage inside a test was not wrapped in act(...).

When testing, code that causes React state updates should be wrapped into act(...):

act(() => {
  /* fire events that update state */
});
/* assert on the output */

This ensures that you're testing the behavior the user would see in the browser. Learn more 
at https://react.dev/link/wrap-tests-with-act
An update to AdminPage inside a test was not wrapped in act(...).

When testing, code that causes React state updates should be wrapped into act(...):

act(() => {
  /* fire events that update state */
});
/* assert on the output */

This ensures that you're testing the behavior the user would see in the browser. Learn more 
at https://react.dev/link/wrap-tests-with-act

[90mstderr[2m | src/test/settings-page.test.tsx[2m > [22m[2mSettingsPage[2m > 
[22m[2mpositive[2m > [22m[2mrenders Profile section with email and display name
[22m[39mAn update to SettingsPage inside a test was not wrapped in act(...).

When testing, code that causes React state updates should be wrapped into act(...):

act(() => {
  /* fire events that update state */
});
/* assert on the output */

This ensures that you're testing the behavior the user would see in the browser. Learn more 
at https://react.dev/link/wrap-tests-with-act

[90mstderr[2m | src/test/settings-page.test.tsx[2m > [22m[2mSettingsPage[2m > 
[22m[2mpositive[2m > [22m[2mrenders Profile section with email and display name
[22m[39mAn update to SettingsPage inside a test was not wrapped in act(...).

When testing, code that causes React state updates should be wrapped into act(...):

act(() => {
  /* fire events that update state */
});
/* assert on the output */

This ensures that you're testing the behavior the user would see in the browser. Learn more 
at https://react.dev/link/wrap-tests-with-act

[90mstderr[2m | src/test/song-list-page.test.tsx[2m > [22m[2mSongListPage[2m > 
[22m[2mpositive[2m > [22m[2mrenders heading and new song link
[22m[39mAn update to SongListPage inside a test was not wrapped in act(...).

When testing, code that causes React state updates should be wrapped into act(...):

act(() => {
  /* fire events that update state */
});
/* assert on the output */

This ensures that you're testing the behavior the user would see in the browser. Learn more 
at https://react.dev/link/wrap-tests-with-act
An update to SongListPage inside a test was not wrapped in act(...).

When testing, code that causes React state updates should be wrapped into act(...):

act(() => {
  /* fire events that update state */
});
/* assert on the output */

This ensures that you're testing the behavior the user would see in the browser. Learn more 
at https://react.dev/link/wrap-tests-with-act

[90mstderr[2m | src/test/song-list-page.test.tsx[2m > [22m[2mSongListPage[2m > 
[22m[2mpositive[2m > [22m[2mrenders heading and new song link
[22m[39mAn update to SongListPage inside a test was not wrapped in act(...).

When testing, code that causes React state updates should be wrapped into act(...):

act(() => {
  /* fire events that update state */
});
/* assert on the output */

This ensures that you're testing the behavior the user would see in the browser. Learn more 
at https://react.dev/link/wrap-tests-with-act

[90mstderr[2m | src/test/dashboard-page.test.tsx[2m > [22m[2mDashboardPage[2m > 
[22m[2mnegative[2m > [22m[2mshows greeting without name when displayName is empty
[22m[39mAn update to DashboardPage inside a test was not wrapped in act(...).

When testing, code that causes React state updates should be wrapped into act(...):

act(() => {
  /* fire events that update state */
});
/* assert on the output */

This ensures that you're testing the behavior the user would see in the browser. Learn more 
at https://react.dev/link/wrap-tests-with-act
An update to DashboardPage inside a test was not wrapped in act(...).

When testing, code that causes React state updates should be wrapped into act(...):

act(() => {
  /* fire events that update state */
});
/* assert on the output */

This ensures that you're testing the behavior the user would see in the browser. Learn more 
at https://react.dev/link/wrap-tests-with-act
An update to DashboardPage inside a test was not wrapped in act(...).

When testing, code that causes React state updates should be wrapped into act(...):

act(() => {
  /* fire events that update state */
});
/* assert on the output */

This ensures that you're testing the behavior the user would see in the browser. Learn more 
at https://react.dev/link/wrap-tests-with-act
An update to DashboardPage inside a test was not wrapped in act(...).

When testing, code that causes React state updates should be wrapped into act(...):

act(() => {
  /* fire events that update state */
});
/* assert on the output */

This ensures that you're testing the behavior the user would see in the browser. Learn more 
at https://react.dev/link/wrap-tests-with-act

[90mstderr[2m | src/test/settings-page.test.tsx[2m > [22m[2mSettingsPage[2m > 
[22m[2mpositive[2m > [22m[2mrenders Change Password section
[22m[39mAn update to SettingsPage inside a test was not wrapped in act(...).

When testing, code that causes React state updates should be wrapped into act(...):

act(() => {
  /* fire events that update state */
});
/* assert on the output */

This ensures that you're testing the behavior the user would see in the browser. Learn more 
at https://react.dev/link/wrap-tests-with-act

[90mstderr[2m | src/test/settings-page.test.tsx[2m > [22m[2mSettingsPage[2m > 
[22m[2mpositive[2m > [22m[2mrenders Change Password section
[22m[39mAn update to SettingsPage inside a test was not wrapped in act(...).

When testing, code that causes React state updates should be wrapped into act(...):

act(() => {
  /* fire events that update state */
});
/* assert on the output */

This ensures that you're testing the behavior the user would see in the browser. Learn more 
at https://react.dev/link/wrap-tests-with-act

[90mstderr[2m | src/test/dashboard-page.test.tsx[2m > [22m[2mDashboardPage[2m > 
[22m[2mnegative[2m > [22m[2mshows greeting without name when user is null
[22m[39mAn update to DashboardPage inside a test was not wrapped in act(...).

When testing, code that causes React state updates should be wrapped into act(...):

act(() => {
  /* fire events that update state */
});
/* assert on the output */

This ensures that you're testing the behavior the user would see in the browser. Learn more 
at https://react.dev/link/wrap-tests-with-act
An update to DashboardPage inside a test was not wrapped in act(...).

When testing, code that causes React state updates should be wrapped into act(...):

act(() => {
  /* fire events that update state */
});
/* assert on the output */

This ensures that you're testing the behavior the user would see in the browser. Learn more 
at https://react.dev/link/wrap-tests-with-act
An update to DashboardPage inside a test was not wrapped in act(...).

When testing, code that causes React state updates should be wrapped into act(...):

act(() => {
  /* fire events that update state */
});
/* assert on the output */

This ensures that you're testing the behavior the user would see in the browser. Learn more 
at https://react.dev/link/wrap-tests-with-act
An update to DashboardPage inside a test was not wrapped in act(...).

When testing, code that causes React state updates should be wrapped into act(...):

act(() => {
  /* fire events that update state */
});
/* assert on the output */

This ensures that you're testing the behavior the user would see in the browser. Learn more 
at https://react.dev/link/wrap-tests-with-act

[90mstderr[2m | src/test/song-list-page.test.tsx[2m > [22m[2mSongListPage[2m > 
[22m[2mpositive[2m > [22m[2mrenders search input and key filter dropdown
[22m[39mAn update to SongListPage inside a test was not wrapped in act(...).

When testing, code that causes React state updates should be wrapped into act(...):

act(() => {
  /* fire events that update state */
});
/* assert on the output */

This ensures that you're testing the behavior the user would see in the browser. Learn more 
at https://react.dev/link/wrap-tests-with-act
An update to SongListPage inside a test was not wrapped in act(...).

When testing, code that causes React state updates should be wrapped into act(...):

act(() => {
  /* fire events that update state */
});
/* assert on the output */

This ensures that you're testing the behavior the user would see in the browser. Learn more 
at https://react.dev/link/wrap-tests-with-act

[90mstderr[2m | src/test/song-list-page.test.tsx[2m > [22m[2mSongListPage[2m > 
[22m[2mpositive[2m > [22m[2mrenders search input and key filter dropdown
[22m[39mAn update to SongListPage inside a test was not wrapped in act(...).

When testing, code that causes React state updates should be wrapped into act(...):

act(() => {
  /* fire events that update state */
});
/* assert on the output */

This ensures that you're testing the behavior the user would see in the browser. Learn more 
at https://react.dev/link/wrap-tests-with-act

[90mstderr[2m | src/test/dashboard-page.test.tsx[2m > [22m[2mDashboardPage[2m > 
[22m[2mupcoming events[2m > [22m[2mrenders upcoming events section heading
[22m[39mAn update to DashboardPage inside a test was not wrapped in act(...).

When testing, code that causes React state updates should be wrapped into act(...):

act(() => {
  /* fire events that update state */
});
/* assert on the output */

This ensures that you're testing the behavior the user would see in the browser. Learn more 
at https://react.dev/link/wrap-tests-with-act
An update to DashboardPage inside a test was not wrapped in act(...).

When testing, code that causes React state updates should be wrapped into act(...):

act(() => {
  /* fire events that update state */
});
/* assert on the output */

This ensures that you're testing the behavior the user would see in the browser. Learn more 
at https://react.dev/link/wrap-tests-with-act
An update to DashboardPage inside a test was not wrapped in act(...).

When testing, code that causes React state updates should be wrapped into act(...):

act(() => {
  /* fire events that update state */
});
/* assert on the output */

This ensures that you're testing the behavior the user would see in the browser. Learn more 
at https://react.dev/link/wrap-tests-with-act
An update to DashboardPage inside a test was not wrapped in act(...).

When testing, code that causes React state updates should be wrapped into act(...):

act(() => {
  /* fire events that update state */
});
/* assert on the output */

This ensures that you're testing the behavior the user would see in the browser. Learn more 
at https://react.dev/link/wrap-tests-with-act

[90mstderr[2m | src/test/settings-page.test.tsx[2m > [22m[2mSettingsPage[2m > 
[22m[2mpositive[2m > [22m[2mshows organization info and user ID
[22m[39mAn update to SettingsPage inside a test was not wrapped in act(...).

When testing, code that causes React state updates should be wrapped into act(...):

act(() => {
  /* fire events that update state */
});
/* assert on the output */

This ensures that you're testing the behavior the user would see in the browser. Learn more 
at https://react.dev/link/wrap-tests-with-act

[90mstderr[2m | src/test/settings-page.test.tsx[2m > [22m[2mSettingsPage[2m > 
[22m[2mpositive[2m > [22m[2mshows organization info and user ID
[22m[39mAn update to SettingsPage inside a test was not wrapped in act(...).

When testing, code that causes React state updates should be wrapped into act(...):

act(() => {
  /* fire events that update state */
});
/* assert on the output */

This ensures that you're testing the behavior the user would see in the browser. Learn more 
at https://react.dev/link/wrap-tests-with-act

 [32mΓ£ô[39m src/test/app-shell.test.tsx [2m([22m[2m9 tests[22m[2m)[22m[33m 359[2mms[22m[39m
 [32mΓ£ô[39m src/test/shared-song-page.test.tsx [2m([22m[2m15 tests[22m[2m)[22m[33m 522[2mms[22m[39m
[90mstderr[2m | src/test/song-list-page.test.tsx[2m > [22m[2mSongListPage[2m > 
[22m[2mpositive[2m > [22m[2mrenders key filter options from ALL_KEYS
[22m[39mAn update to SongListPage inside a test was not wrapped in act(...).

When testing, code that causes React state updates should be wrapped into act(...):

act(() => {
  /* fire events that update state */
});
/* assert on the output */

This ensures that you're testing the behavior the user would see in the browser. Learn more 
at https://react.dev/link/wrap-tests-with-act
An update to SongListPage inside a test was not wrapped in act(...).

When testing, code that causes React state updates should be wrapped into act(...):

act(() => {
  /* fire events that update state */
});
/* assert on the output */

This ensures that you're testing the behavior the user would see in the browser. Learn more 
at https://react.dev/link/wrap-tests-with-act

[90mstderr[2m | src/test/song-list-page.test.tsx[2m > [22m[2mSongListPage[2m > 
[22m[2mpositive[2m > [22m[2mrenders key filter options from ALL_KEYS
[22m[39mAn update to SongListPage inside a test was not wrapped in act(...).

When testing, code that causes React state updates should be wrapped into act(...):

act(() => {
  /* fire events that update state */
});
/* assert on the output */

This ensures that you're testing the behavior the user would see in the browser. Learn more 
at https://react.dev/link/wrap-tests-with-act

 [32mΓ£ô[39m src/test/song-edit-history.test.tsx [2m([22m[2m10 tests[22m[2m)[22m[33m 603[2mms[22m[39m
[90mstderr[2m | src/test/share-manage-dialog.test.tsx[2m > [22m[2mShareManageDialog[2m 
> [22m[2minteractions[2m > [22m[2mcalls onClose when X button clicked
[22m[39mAn update to ShareManageDialog inside a test was not wrapped in act(...).

When testing, code that causes React state updates should be wrapped into act(...):

act(() => {
  /* fire events that update state */
});
/* assert on the output */

This ensures that you're testing the behavior the user would see in the browser. Learn more 
at https://react.dev/link/wrap-tests-with-act
An update to ShareManageDialog inside a test was not wrapped in act(...).

When testing, code that causes React state updates should be wrapped into act(...):

act(() => {
  /* fire events that update state */
});
/* assert on the output */

This ensures that you're testing the behavior the user would see in the browser. Learn more 
at https://react.dev/link/wrap-tests-with-act

 [32mΓ£ô[39m src/test/dashboard-page.test.tsx [2m([22m[2m18 tests[22m[2m)[22m[33m 660[2mms[22m[39m
[90mstderr[2m | src/test/share-manage-dialog.test.tsx[2m > [22m[2mShareManageDialog[2m 
> [22m[2minteractions[2m > [22m[2mcalls onClose when Done button clicked
[22m[39mAn update to ShareManageDialog inside a test was not wrapped in act(...).

When testing, code that causes React state updates should be wrapped into act(...):

act(() => {
  /* fire events that update state */
});
/* assert on the output */

This ensures that you're testing the behavior the user would see in the browser. Learn more 
at https://react.dev/link/wrap-tests-with-act
An update to ShareManageDialog inside a test was not wrapped in act(...).

When testing, code that causes React state updates should be wrapped into act(...):

act(() => {
  /* fire events that update state */
});
/* assert on the output */

This ensures that you're testing the behavior the user would see in the browser. Learn more 
at https://react.dev/link/wrap-tests-with-act

[90mstderr[2m | src/test/admin-page.test.tsx[2m > [22m[2mAdminPage[2m > 
[22m[2maccess control[2m > [22m[2mallows global owner even if org role is not admin
[22m[39mAn update to AdminPage inside a test was not wrapped in act(...).

When testing, code that causes React state updates should be wrapped into act(...):

act(() => {
  /* fire events that update state */
});
/* assert on the output */

This ensures that you're testing the behavior the user would see in the browser. Learn more 
at https://react.dev/link/wrap-tests-with-act
An update to AdminPage inside a test was not wrapped in act(...).

When testing, code that causes React state updates should be wrapped into act(...):

act(() => {
  /* fire events that update state */
});
/* assert on the output */

This ensures that you're testing the behavior the user would see in the browser. Learn more 
at https://react.dev/link/wrap-tests-with-act

 [32mΓ£ô[39m src/test/sandbox-login.test.tsx [2m([22m[2m16 tests[22m[2m)[22m[33m 588[2mms[22m[39m
[90mstderr[2m | src/test/song-list-page.test.tsx[2m > [22m[2mSongListPage[2m > 
[22m[2mnegative[2m > [22m[2mshows no-match message when search yields nothing
[22m[39mAn update to SongListPage inside a test was not wrapped in act(...).

When testing, code that causes React state updates should be wrapped into act(...):

act(() => {
  /* fire events that update state */
});
/* assert on the output */

This ensures that you're testing the behavior the user would see in the browser. Learn more 
at https://react.dev/link/wrap-tests-with-act

 [32mΓ£ô[39m src/test/landing-page.test.tsx [2m([22m[2m20 tests[22m[2m)[22m[33m 660[2mms[22m[39m
 [32mΓ£ô[39m src/test/song-list-page.test.tsx [2m([22m[2m11 tests[22m[2m)[22m[33m 463[2mms[22m[39m
 [32mΓ£ô[39m src/test/print-stylesheet.test.tsx [2m([22m[2m19 tests[22m[2m)[22m[33m 719[2mms[22m[39m
 [32mΓ£ô[39m src/test/export-formats.test.tsx [2m([22m[2m20 tests[22m[2m)[22m[33m 925[2mms[22m[39m
 [32mΓ£ô[39m src/test/setlist-view-page.test.tsx [2m([22m[2m17 tests[22m[2m)[22m[33m 977[2mms[22m[39m
[90mstderr[2m | src/test/song-edit-page.test.tsx[2m > [22m[2mSongEditPage[2m > 
[22m[2mpositive ΓÇö create new song[2m > [22m[2mhas file import label
[22m[39mAn update to TagInput inside a test was not wrapped in act(...).

When testing, code that causes React state updates should be wrapped into act(...):

act(() => {
  /* fire events that update state */
});
/* assert on the output */

This ensures that you're testing the behavior the user would see in the browser. Learn more 
at https://react.dev/link/wrap-tests-with-act

[90mstderr[2m | src/test/song-edit-page.test.tsx[2m > [22m[2mSongEditPage[2m > 
[22m[2mpositive ΓÇö create new song[2m > [22m[2mrenders draft checkbox
[22m[39mAn update to TagInput inside a test was not wrapped in act(...).

When testing, code that causes React state updates should be wrapped into act(...):

act(() => {
  /* fire events that update state */
});
/* assert on the output */

This ensures that you're testing the behavior the user would see in the browser. Learn more 
at https://react.dev/link/wrap-tests-with-act

 [32mΓ£ô[39m src/test/sticky-notes.test.tsx [2m([22m[2m15 tests[22m[2m)[22m[33m 1069[2mms[22m[39m
 [32mΓ£ô[39m src/test/admin-page.test.tsx [2m([22m[2m25 tests[22m[2m)[22m[33m 890[2mms[22m[39m
 [32mΓ£ô[39m src/test/setlists-page.test.tsx [2m([22m[2m12 tests[22m[2m)[22m[33m 1069[2mms[22m[39m
   [33m[2mΓ£ô[22m[39m SetlistsPage[2m > [22mpositive[2m > [22mcreates setlist and navigates [33m 467[2mms[22m[39m
 [32mΓ£ô[39m src/test/role-gated-ui.test.tsx [2m([22m[2m22 tests[22m[2m)[22m[33m 1082[2mms[22m[39m
 [32mΓ£ô[39m src/test/realtime-sync.test.tsx [2m([22m[2m29 tests[22m[2m)[22m[33m 1177[2mms[22m[39m
 [32mΓ£ô[39m src/test/share-manage-dialog.test.tsx [2m([22m[2m34 tests[22m[2m)[22m[33m 1334[2mms[22m[39m
[90mstderr[2m | src/test/song-view-page.test.tsx[2m > [22m[2mSongViewPage[2m > 
[22m[2mnegative[2m > [22m[2mshows loading spinner initially
[22m[39mAn update to SongViewPage inside a test was not wrapped in act(...).

When testing, code that causes React state updates should be wrapped into act(...):

act(() => {
  /* fire events that update state */
});
/* assert on the output */

This ensures that you're testing the behavior the user would see in the browser. Learn more 
at https://react.dev/link/wrap-tests-with-act
An update to SongViewPage inside a test was not wrapped in act(...).

When testing, code that causes React state updates should be wrapped into act(...):

act(() => {
  /* fire events that update state */
});
/* assert on the output */

This ensures that you're testing the behavior the user would see in the browser. Learn more 
at https://react.dev/link/wrap-tests-with-act
An update to SongViewPage inside a test was not wrapped in act(...).

When testing, code that causes React state updates should be wrapped into act(...):

act(() => {
  /* fire events that update state */
});
/* assert on the output */

This ensures that you're testing the behavior the user would see in the browser. Learn more 
at https://react.dev/link/wrap-tests-with-act

 [32mΓ£ô[39m src/test/song-variations.test.tsx [2m([22m[2m20 tests[22m[2m)[22m[33m 1730[2mms[22m[39m
   [33m[2mΓ£ô[22m[39m Song Variations[2m > [22mdisplay[2m > [22mshows variation tabs when variations exist [33m 311[2mms[22m[39m
[90mstderr[2m | src/test/settings-page.test.tsx[2m > [22m[2mSettingsPage[2m > 
[22m[2mnegative[2m > [22m[2mdisables email field
[22m[39mAn update to SettingsPage inside a test was not wrapped in act(...).

When testing, code that causes React state updates should be wrapped into act(...):

act(() => {
  /* fire events that update state */
});
/* assert on the output */

This ensures that you're testing the behavior the user would see in the browser. Learn more 
at https://react.dev/link/wrap-tests-with-act

[90mstderr[2m | src/test/settings-page.test.tsx[2m > [22m[2mSettingsPage[2m > 
[22m[2mnegative[2m > [22m[2mdisables email field
[22m[39mAn update to SettingsPage inside a test was not wrapped in act(...).

When testing, code that causes React state updates should be wrapped into act(...):

act(() => {
  /* fire events that update state */
});
/* assert on the output */

This ensures that you're testing the behavior the user would see in the browser. Learn more 
at https://react.dev/link/wrap-tests-with-act

 [32mΓ£ô[39m src/test/use-conductor.test.ts [2m([22m[2m23 tests[22m[2m)[22m[32m 55[2mms[22m[39m
 [32mΓ£ô[39m src/test/oauth-popup.test.ts [2m([22m[2m9 tests[22m[2m)[22m[32m 20[2mms[22m[39m
 [32mΓ£ô[39m src/test/song-view-page.test.tsx [2m([22m[2m18 tests[22m[2m)[22m[33m 1720[2mms[22m[39m
   [33m[2mΓ£ô[22m[39m SongViewPage[2m > [22mpositive[2m > [22madds the selected variation to a setlist with variation context [33m 672[2mms[22m[39m
 [32mΓ£ô[39m src/test/nashville.test.ts [2m([22m[2m42 tests[22m[2m)[22m[32m 14[2mms[22m[39m
 [32mΓ£ô[39m src/test/api-client.test.ts [2m([22m[2m57 tests[22m[2m)[22m[32m 24[2mms[22m[39m
 [32mΓ£ô[39m src/test/utils.test.ts [2m([22m[2m5 tests[22m[2m)[22m[32m 12[2mms[22m[39m
 [32mΓ£ô[39m src/test/pwa-offline.test.ts [2m([22m[2m27 tests[22m[2m)[22m[32m 6[2mms[22m[39m
 [32mΓ£ô[39m src/test/transpose.test.ts [2m([22m[2m14 tests[22m[2m)[22m[32m 5[2mms[22m[39m
 [32mΓ£ô[39m src/test/chordpro.test.ts [2m([22m[2m9 tests[22m[2m)[22m[32m 7[2mms[22m[39m
 [32mΓ£ô[39m src/test/onsong-converter.test.ts [2m([22m[2m18 tests[22m[2m)[22m[32m 8[2mms[22m[39m
 [32mΓ£ô[39m src/test/music-constants.test.ts [2m([22m[2m7 tests[22m[2m)[22m[32m 4[2mms[22m[39m
 [32mΓ£ô[39m src/test/forgot-password-page.test.tsx [2m([22m[2m9 tests[22m[2m)[22m[33m 2175[2mms[22m[39m
   [33m[2mΓ£ô[22m[39m ForgotPasswordPage[2m > [22mpositive[2m > [22mshows success state after sending [33m 501[2mms[22m[39m
   [33m[2mΓ£ô[22m[39m ForgotPasswordPage[2m > [22mpositive[2m > [22mhides the form after successful submission [33m 388[2mms[22m[39m
   [33m[2mΓ£ô[22m[39m ForgotPasswordPage[2m > [22mpositive[2m > [22mcalls forgotPassword API with email [33m 495[2mms[22m[39m
 [32mΓ£ô[39m src/test/router.test.ts [2m([22m[2m6 tests[22m[2m)[22m[32m 3[2mms[22m[39m
 [32mΓ£ô[39m src/test/chordpro-editor.test.tsx [2m([22m[2m34 tests[22m[2m)[22m[33m 2386[2mms[22m[39m
[90mstderr[2m | src/test/tag-input.test.tsx[2m > [22m[2mTagInput[2m > [22m[2medge 
cases[2m > [22m[2mhandles empty string value
[22m[39mAn update to TagInput inside a test was not wrapped in act(...).

When testing, code that causes React state updates should be wrapped into act(...):

act(() => {
  /* fire events that update state */
});
/* assert on the output */

This ensures that you're testing the behavior the user would see in the browser. Learn more 
at https://react.dev/link/wrap-tests-with-act

[90mstderr[2m | src/test/tag-input.test.tsx[2m > [22m[2mTagInput[2m > [22m[2medge 
cases[2m > [22m[2mhandles value with trailing comma
[22m[39mAn update to TagInput inside a test was not wrapped in act(...).

When testing, code that causes React state updates should be wrapped into act(...):

act(() => {
  /* fire events that update state */
});
/* assert on the output */

This ensures that you're testing the behavior the user would see in the browser. Learn more 
at https://react.dev/link/wrap-tests-with-act

[90mstderr[2m | src/test/tag-input.test.tsx[2m > [22m[2mTagInput[2m > [22m[2medge 
cases[2m > [22m[2mhandles value with extra spaces
[22m[39mAn update to TagInput inside a test was not wrapped in act(...).

When testing, code that causes React state updates should be wrapped into act(...):

act(() => {
  /* fire events that update state */
});
/* assert on the output */

This ensures that you're testing the behavior the user would see in the browser. Learn more 
at https://react.dev/link/wrap-tests-with-act

[90mstderr[2m | src/test/tag-input.test.tsx[2m > [22m[2mTagInput[2m > [22m[2medge 
cases[2m > [22m[2mfetches tags from API on mount
[22m[39mAn update to TagInput inside a test was not wrapped in act(...).

When testing, code that causes React state updates should be wrapped into act(...):

act(() => {
  /* fire events that update state */
});
/* assert on the output */

This ensures that you're testing the behavior the user would see in the browser. Learn more 
at https://react.dev/link/wrap-tests-with-act

 [32mΓ£ô[39m src/test/tag-input.test.tsx [2m([22m[2m32 tests[22m[2m)[22m[33m 2546[2mms[22m[39m
   [33m[2mΓ£ô[22m[39m TagInput[2m > [22madding tags[2m > [22mtrims whitespace from tags [33m 340[2mms[22m[39m
 [32mΓ£ô[39m src/test/reset-password-page.test.tsx [2m([22m[2m11 tests[22m[2m)[22m[33m 2805[2mms[22m[39m
   [33m[2mΓ£ô[22m[39m ResetPasswordPage[2m > [22mpositive ΓÇö valid token[2m > [22mcalls resetPassword and navigates on success [33m 700[2mms[22m[39m
   [33m[2mΓ£ô[22m[39m ResetPasswordPage[2m > [22mnegative ΓÇö validation errors[2m > [22mshows error when passwords do not match [33m 485[2mms[22m[39m
   [33m[2mΓ£ô[22m[39m ResetPasswordPage[2m > [22mnegative ΓÇö validation errors[2m > [22mshows error when password is too short [33m 325[2mms[22m[39m
   [33m[2mΓ£ô[22m[39m ResetPasswordPage[2m > [22mnegative ΓÇö validation errors[2m > [22mshows error toast on API failure [33m 487[2mms[22m[39m
   [33m[2mΓ£ô[22m[39m ResetPasswordPage[2m > [22mnegative ΓÇö validation errors[2m > [22mdisables button while resetting [33m 523[2mms[22m[39m
[90mstderr[2m | src/test/song-edit-page.test.tsx[2m > [22m[2mSongEditPage[2m > 
[22m[2mPDF import[2m > [22m[2maccepts .pdf files in the import input
[22m[39mAn update to TagInput inside a test was not wrapped in act(...).

When testing, code that causes React state updates should be wrapped into act(...):

act(() => {
  /* fire events that update state */
});
/* assert on the output */

This ensures that you're testing the behavior the user would see in the browser. Learn more 
at https://react.dev/link/wrap-tests-with-act

[90mstderr[2m | src/test/song-edit-page.test.tsx[2m > [22m[2mSongEditPage[2m > 
[22m[2mPDF import[2m > [22m[2mshows supported formats including .pdf in the label
[22m[39mAn update to TagInput inside a test was not wrapped in act(...).

When testing, code that causes React state updates should be wrapped into act(...):

act(() => {
  /* fire events that update state */
});
/* assert on the output */

This ensures that you're testing the behavior the user would see in the browser. Learn more 
at https://react.dev/link/wrap-tests-with-act

 [32mΓ£ô[39m src/test/song-edit-page.test.tsx [2m([22m[2m21 tests[22m[2m)[22m[33m 3044[2mms[22m[39m
   [33m[2mΓ£ô[22m[39m SongEditPage[2m > [22mpositive ΓÇö create new song[2m > [22mcreates song and navigates on success [33m 621[2mms[22m[39m
   [33m[2mΓ£ô[22m[39m SongEditPage[2m > [22mpositive ΓÇö edit existing song[2m > [22msaves variation content separately from the base song [33m 395[2mms[22m[39m
   [33m[2mΓ£ô[22m[39m SongEditPage[2m > [22mnegative[2m > [22mshows error toast on create failure [33m 330[2mms[22m[39m
 [32mΓ£ô[39m src/test/settings-page.test.tsx [2m([22m[2m14 tests[22m[2m)[22m[33m 3553[2mms[22m[39m
   [33m[2mΓ£ô[22m[39m SettingsPage[2m > [22mpositive[2m > [22mchanges password on submit [33m 905[2mms[22m[39m
   [33m[2mΓ£ô[22m[39m SettingsPage[2m > [22mnegative[2m > [22mshows error when new password is too short [33m 486[2mms[22m[39m
   [33m[2mΓ£ô[22m[39m SettingsPage[2m > [22mnegative[2m > [22mshows error when passwords don't match [33m 681[2mms[22m[39m
   [33m[2mΓ£ô[22m[39m SettingsPage[2m > [22mnegative[2m > [22mshows error on password change failure [33m 690[2mms[22m[39m
 [32mΓ£ô[39m src/test/login-page.test.tsx [2m([22m[2m20 tests[22m[2m)[22m[33m 4385[2mms[22m[39m
   [33m[2mΓ£ô[22m[39m LoginPage[2m > [22mpositive[2m > [22mcalls login on email form submit [33m 1033[2mms[22m[39m
   [33m[2mΓ£ô[22m[39m LoginPage[2m > [22mpositive[2m > [22mnavigates to dashboard on email login success [33m 596[2mms[22m[39m
   [33m[2mΓ£ô[22m[39m LoginPage[2m > [22mpositive[2m > [22mshows Signing in... while loading [33m 496[2mms[22m[39m
   [33m[2mΓ£ô[22m[39m LoginPage[2m > [22mnegative[2m > [22mshows error toast on email login failure [33m 583[2mms[22m[39m
   [33m[2mΓ£ô[22m[39m LoginPage[2m > [22mnegative[2m > [22mshows generic error when no message available [33m 404[2mms[22m[39m
   [33m[2mΓ£ô[22m[39m LoginPage[2m > [22mnegative[2m > [22mre-enables button after failed email login [33m 434[2mms[22m[39m

[2m Test Files [22m [1m[32m42 passed[39m[22m[90m (42)[39m
[2m      Tests [22m [1m[32m776 passed[39m[22m[90m (776)[39m
[2m   Start at [22m 12:47:12
[2m   Duration [22m 7.27s[2m (transform 4.07s, setup 20.62s, collect 17.71s, tests 38.62s, environment 42.20s, prepare 9.77s)[22m

